../Drivers/CMSIS/Include/core_cm4.h:2064:26:ITM_SendChar	16	static,ignoring_inline_asm
../Core/Src/main.c:91:5:__io_putchar	16	static
../Core/Src/main.c:97:7:adc_to_voltage	32	static
../Core/Src/main.c:122:6:sample_gpio_dma	8	static
../Core/Src/main.c:138:6:voltage_gain	16	static
../Core/Src/main.c:165:6:window_scale	16	static
../Core/Src/main.c:170:9:verifyPasscode	24	static
../Core/Src/main.c:180:6:parseCommand	32	static
../Core/Src/main.c:191:6:handle_spi_received_data	24	static
../Core/Src/main.c:213:6:setup_tx_buffer	16	static
../Core/Src/main.c:219:6:spi_gpio_transfer	16	static
../Core/Src/main.c:249:6:HAL_SPI_TxRxCpltCallback	16	static
../Core/Src/main.c:258:6:dma_transfer_complete_callback	16	static
../Core/Src/main.c:264:6:register_dma_callbacks	8	static
../Core/Src/main.c:275:5:main	8	static
../Core/Src/main.c:334:6:SystemClock_Config	88	static
../Core/Src/main.c:382:13:MX_I2C1_Init	8	static
../Core/Src/main.c:416:13:MX_SPI1_Init	8	static
../Core/Src/main.c:454:13:MX_DMA_Init	16	static
../Core/Src/main.c:497:13:MX_GPIO_Init	48	static
../Core/Src/main.c:559:6:Error_Handler	4	static,ignoring_inline_asm
../Core/Src/main.c:577:6:assert_failed	16	static
