../Drivers/CMSIS/Include/core_cm4.h:2064:26:ITM_SendChar	16	static,ignoring_inline_asm
../Core/Src/main.c:93:5:__io_putchar	16	static
../Core/Src/main.c:106:7:adc_to_voltage	32	static
../Core/Src/main.c:131:6:sample_gpio_dma	8	static
../Core/Src/main.c:147:6:voltage_gain	32	static
../Core/Src/main.c:184:6:window_scale	16	static
../Core/Src/main.c:189:6:voltage_offset	16	static
../Core/Src/main.c:193:9:verifyPasscode	24	static
../Core/Src/main.c:203:6:parseCommand	32	static
../Core/Src/main.c:214:6:handle_spi_received_data	24	static
../Core/Src/main.c:240:6:setup_tx_buffer	16	static
../Core/Src/main.c:246:6:spi_gpio_transfer	16	static
../Core/Src/main.c:276:6:HAL_SPI_TxRxCpltCallback	16	static
../Core/Src/main.c:285:6:dma_transfer_complete_callback	16	static
../Core/Src/main.c:291:6:register_dma_callbacks	8	static
../Core/Src/main.c:302:5:main	24	static
../Core/Src/main.c:382:6:SystemClock_Config	88	static
../Core/Src/main.c:430:13:MX_I2C1_Init	8	static
../Core/Src/main.c:464:13:MX_SPI1_Init	8	static
../Core/Src/main.c:502:13:MX_DMA_Init	16	static
../Core/Src/main.c:545:13:MX_GPIO_Init	48	static
../Core/Src/main.c:607:6:Error_Handler	4	static,ignoring_inline_asm
../Core/Src/main.c:625:6:assert_failed	16	static
